$ git config --global user.name "Your Name"
$ git config --global user.email "email@example.com"


$ mkdir learngit
$ cd learngit
$ pwd
/Users/michael/learngit

$ git init
Initialized empty Git repository in /Users/michael/learngit/.git/

$ git add readme.txt

$ git commit -m "wrote a readme file"
[master (root-commit) cb926e7] wrote a readme file
 1 file changed, 2 insertions(+)
 create mode 100644 readme.txt


$ git status
$ git diff readme.txt 

$ git log
$ git log --pretty=oneline

用HEAD表示当前版本，也就是最新的提交3628164...882e1e0（注意我的提交ID和你的肯定不一样），上一个版本就是HEAD^，上上一个版本就是HEAD^^，当然往上100个版本写100个^比较容易数不过来，所以写成HEAD~100。

$ git reset --hard HEAD^

$ git reset --hard 3628164

$ git reflog

$ git diff HEAD -- readme.txt

$ git reset HEAD readme.txt
$ git checkout -- file


现在你有两个选择，一是确实要从版本库中删除该文件，那就用命令git rm删掉，并且git commit：

$ git rm test.txt
rm 'test.txt'
$ git commit -m "remove test.txt"
[master d17efd8] remove test.txt
 1 file changed, 1 deletion(-)
 delete mode 100644 test.txt


另一种情况是删错了，因为版本库里还有呢，所以可以很轻松地把误删的文件恢复到最新版本：

$ git checkout -- test.txt

创建SSH Key。在用户主目录下，看看有没有.ssh目录，如果有，再看看这个目录下有没有id_rsa和id_rsa.pub这两个文件，如果已经有了，可直接跳到下一步。如果没有，打开Shell（Windows下打开Git Bash），创建SSH Key：

$ ssh-keygen -t rsa -C "youremail@example.com"


$ git remote add origin git@github.com:eagle911/dev.git

下一步，就可以把本地库的所有内容推送到远程库上：

$ git push -u origin master
Counting objects: 19, done.
Delta compression using up to 4 threads.
Compressing objects: 100% (19/19), done.
Writing objects: 100% (19/19), 13.73 KiB, done.
Total 23 (delta 6), reused 0 (delta 0)
To git@github.com:michaelliao/learngit.git
 * [new branch]      master -> master
Branch master set up to track remote branch master from origin.

由于远程库是空的，我们第一次推送master分支时，加上了-u参数，Git不但会把本地的master分支内容推送的远程新的master分支，还会把本地的master分支和远程的master分支关联起来，在以后的推送或者拉取时就可以简化命令。


从现在起，只要本地作了提交，就可以通过命令：

$ git push origin master


现在，远程库已经准备好了，下一步是用命令git clone克隆一个本地库：

$ git clone git@github.com:michaelliao/gitskills.git
Cloning into 'gitskills'...
remote: Counting objects: 3, done.
remote: Total 3 (delta 0), reused 0 (delta 0)
Receiving objects: 100% (3/3), done.

$ cd gitskills
$ ls
README.md



首先，我们创建dev分支，然后切换到dev分支：

$ git checkout -b dev
Switched to a new branch 'dev'
git checkout命令加上-b参数表示创建并切换，相当于以下两条命令：

$ git branch dev
$ git checkout dev
Switched to branch 'dev'
然后，用git branch命令查看当前分支：

$ git branch
* dev
  master



现在，我们把dev分支的工作成果合并到master分支上：

$ git merge dev
Updating d17efd8..fec145a
Fast-forward
 readme.txt |    1 +
 1 file changed, 1 insertion(+)
git merge命令用于合并指定分支到当前分支


合并完成后，就可以放心地删除dev分支了：

$ git branch -d dev
Deleted branch dev (was fec145a).


删除后，查看branch，就只剩下master分支了：

$ git branch
* master

Git鼓励大量使用分支：

查看分支：git branch

创建分支：git branch <name>

切换分支：git checkout <name>

创建+切换分支：git checkout -b <name>

合并某分支到当前分支：git merge <name>

删除分支：git branch -d <name>

用带参数的git log也可以看到分支的合并情况：


$ git checkout -b feature1

Auto-merging readme.txt
CONFLICT (content): Merge conflict in readme.txt
Automatic merge failed; fix conflicts and then commit the result.
果然冲突了！Git告诉我们，readme.txt文件存在冲突，必须手动解决冲突后再提交。git status也可以告诉我们冲突的文件：

$ git status
# On branch master
# Your branch is ahead of 'origin/master' by 2 commits.
#
# Unmerged paths:
#   (use "git add/rm <file>..." as appropriate to mark resolution)
#
#       both modified:      readme.txt
#
no changes added to commit (use "git add" and/or "git commit -a")
我们可以直接查看readme.txt的内容：

Git is a distributed version control system.
Git is free software distributed under the GPL.
Git has a mutable index called stage.
Git tracks changes of files.
Creating a new branch is quick AND simple.
Git用<<<<<<<，=======，>>>>>>>标记出不同分支的内容，我们修改如下后保存：

Creating a new branch is quick and simple.
再提交：

$ git add readme.txt 
$ git commit -m "conflict fixed"
[master 59bc1cb] conflict fixed

$ git log --graph --pretty=oneline --abbrev-commit
*   59bc1cb conflict fixed
|\
| * 75a857c AND simple
* | 400b400 & simple
|/
* fec145a branch test
...
最后，删除feature1分支：

$ git branch -d feature1
Deleted branch feature1 (was 75a857c).
工作完成。


准备合并dev分支，请注意--no-ff参数，表示禁用Fast forward：

$ git merge --no-ff -m "merge with no-ff" dev
Merge made by the 'recursive' strategy.
 readme.txt |    1 +
 1 file changed, 1 insertion(+)
 
因为本次合并要创建一个新的commit，所以加上-m参数，把commit描述写进去。


修复完成后，切换到master分支，并完成合并，最后删除issue-101分支：

$ git checkout master
Switched to branch 'master'
Your branch is ahead of 'origin/master' by 2 commits.
$ git merge --no-ff -m "merged bug fix 101" issue-101
Merge made by the 'recursive' strategy.
 readme.txt |    2 +-
 1 file changed, 1 insertion(+), 1 deletion(-)
$ git branch -d issue-101
Deleted branch issue-101 (was cc17032).


再用git stash list查看，就看不到任何stash内容了：

$ git stash list
你可以多次stash，恢复的时候，先用git stash list查看，然后恢复指定的stash，用命令：

$ git stash apply stash@{0}

现在我们强行删除：

$ git branch -D feature-vulcan
Deleted branch feature-vulcan (was 756d4af).
终于删除成功！

$ git remote -v
origin  git@github.com:michaelliao/learngit.git (fetch)
origin  git@github.com:michaelliao/learngit.git (push)
上面显示了可以抓取和推送的origin的地址。如果没有推送权限，就看不到push的地址。


因此，多人协作的工作模式通常是这样：

首先，可以试图用git push origin branch-name推送自己的修改；

如果推送失败，则因为远程分支比你的本地更新，需要先用git pull试图合并；

如果合并有冲突，则解决冲突，并在本地提交；

没有冲突或者解决掉冲突后，再用git push origin branch-name推送就能成功！

如果git pull提示“no tracking information”，则说明本地分支和远程分支的链接关系没有创建，用命令git branch --set-upstream branch-name origin/branch-name。

这就是多人协作的工作模式，一旦熟悉了，就非常简单。


可以用命令git tag查看所有标签：

$ git tag
v1.0

默认标签是打在最新提交的commit上的。有时候，如果忘了打标签，比如，现在已经是周五了，但应该在周一打的标签没有打，怎么办？

方法是找到历史提交的commit id，然后打上就可以了：

$ git log --pretty=oneline --abbrev-commit
6a5819e merged bug fix 101
cc17032 fix bug 101
7825a50 merge with no-ff
6224937 add merge
59bc1cb conflict fixed
400b400 & simple
75a857c AND simple
fec145a branch test
d17efd8 remove test.txt
...
比方说要对add merge这次提交打标签，它对应的commit id是6224937，敲入命令：

$ git tag v0.9 6224937
再用命令git tag查看标签：

注意，标签不是按时间顺序列出，而是按字母排序的。可以用git show <tagname>查看标签信息：

$ git show v0.9
commit 622493706ab447b6bb37e4e2a2f276a20fed2ab4
Author: Michael Liao <askxuefeng@gmail.com>
Date:   Thu Aug 22 11:22:08 2013 +0800

    add merge
	
	
	
如果标签打错了，也可以删除：

$ git tag -d v0.1
Deleted tag 'v0.1' (was e078af9)


如果要推送某个标签到远程，使用命令git push origin <tagname>：

$ git push origin v1.0
Total 0 (delta 0), reused 0 (delta 0)
To git@github.com:michaelliao/learngit.git
 * [new tag]         v1.0 -> v1.0
或者，一次性推送全部尚未推送到远程的本地标签：

$ git push origin --tags
Counting objects: 1, done.
Writing objects: 100% (1/1), 554 bytes, done.
Total 1 (delta 0), reused 0 (delta 0)
To git@github.com:michaelliao/learngit.git
 * [new tag]         v0.2 -> v0.2
 * [new tag]         v0.9 -> v0.9
 
 
 如果标签已经推送到远程，要删除远程标签就麻烦一点，先从本地删除：

$ git tag -d v0.9
Deleted tag 'v0.9' (was 6224937)
然后，从远程删除。删除命令也是push，但是格式如下：

$ git push origin :refs/tags/v0.9
To git@github.com:michaelliao/learngit.git
 - [deleted]         v0.9
 
 
 